// Jest Snapshot v1, https://goo.gl/fbAQLP

exports[`Steps renders the component correctly 1`] = `
ShallowWrapper {
  "complexSelector": ComplexSelector {
    "buildPredicate": [Function],
    "childrenOfNode": [Function],
    "findWhereUnwrapped": [Function],
  },
  "length": 1,
  "node": <div
    className="steps"
>
    <span
        className="false"
    >
        1
    </span>
    <span
        className="false"
    >
        2
    </span>
    <span
        className="false"
    >
        3
    </span>
    <span
        className="false"
    >
        4
    </span>
    <span
        className="false"
    >
        5
    </span>
    <span
        className="false"
    >
        6
    </span>
    <span
        className="false"
    >
        7
    </span>
    <span
        className="false"
    >
        8
    </span>
    <span
        className="false"
    >
        9
    </span>
    <span
        className="false"
    >
        10
    </span>
    <span
        className="false"
    >
        11
    </span>
    <span
        className="false"
    >
        12
    </span>
    <span
        className="false"
    >
        13
    </span>
    <span
        className="false"
    >
        14
    </span>
    <span
        className="false"
    >
        15
    </span>
    <span
        className="false"
    >
        16
    </span>
</div>,
  "nodes": Array [
    <div
      className="steps"
>
      <span
            className="false"
      >
            1
      </span>
      <span
            className="false"
      >
            2
      </span>
      <span
            className="false"
      >
            3
      </span>
      <span
            className="false"
      >
            4
      </span>
      <span
            className="false"
      >
            5
      </span>
      <span
            className="false"
      >
            6
      </span>
      <span
            className="false"
      >
            7
      </span>
      <span
            className="false"
      >
            8
      </span>
      <span
            className="false"
      >
            9
      </span>
      <span
            className="false"
      >
            10
      </span>
      <span
            className="false"
      >
            11
      </span>
      <span
            className="false"
      >
            12
      </span>
      <span
            className="false"
      >
            13
      </span>
      <span
            className="false"
      >
            14
      </span>
      <span
            className="false"
      >
            15
      </span>
      <span
            className="false"
      >
            16
      </span>
</div>,
  ],
  "options": Object {},
  "renderer": ReactShallowRenderer {
    "_instance": ShallowComponentWrapper {
      "_calledComponentWillUnmount": false,
      "_compositeType": 2,
      "_context": Object {},
      "_currentElement": <Steps
        currentStep={0}
        status="stop"
/>,
      "_debugID": 1,
      "_hostContainerInfo": null,
      "_hostParent": null,
      "_instance": StatelessComponent {
        "_reactInternalInstance": [Circular],
        "context": Object {},
        "props": Object {
          "currentStep": 0,
          "status": "stop",
        },
        "refs": Object {},
        "state": null,
        "updater": Object {
          "enqueueCallback": [Function],
          "enqueueCallbackInternal": [Function],
          "enqueueElementInternal": [Function],
          "enqueueForceUpdate": [Function],
          "enqueueReplaceState": [Function],
          "enqueueSetState": [Function],
          "isMounted": [Function],
          "validateCallback": [Function],
        },
      },
      "_mountOrder": 1,
      "_pendingCallbacks": null,
      "_pendingElement": null,
      "_pendingForceUpdate": false,
      "_pendingReplaceState": false,
      "_pendingStateQueue": null,
      "_renderedComponent": NoopInternalComponent {
        "_currentElement": <div
          className="steps"
>
          <span
                    className="false"
          >
                    1
          </span>
          <span
                    className="false"
          >
                    2
          </span>
          <span
                    className="false"
          >
                    3
          </span>
          <span
                    className="false"
          >
                    4
          </span>
          <span
                    className="false"
          >
                    5
          </span>
          <span
                    className="false"
          >
                    6
          </span>
          <span
                    className="false"
          >
                    7
          </span>
          <span
                    className="false"
          >
                    8
          </span>
          <span
                    className="false"
          >
                    9
          </span>
          <span
                    className="false"
          >
                    10
          </span>
          <span
                    className="false"
          >
                    11
          </span>
          <span
                    className="false"
          >
                    12
          </span>
          <span
                    className="false"
          >
                    13
          </span>
          <span
                    className="false"
          >
                    14
          </span>
          <span
                    className="false"
          >
                    15
          </span>
          <span
                    className="false"
          >
                    16
          </span>
</div>,
        "_debugID": 2,
        "_renderedOutput": <div
          className="steps"
>
          <span
                    className="false"
          >
                    1
          </span>
          <span
                    className="false"
          >
                    2
          </span>
          <span
                    className="false"
          >
                    3
          </span>
          <span
                    className="false"
          >
                    4
          </span>
          <span
                    className="false"
          >
                    5
          </span>
          <span
                    className="false"
          >
                    6
          </span>
          <span
                    className="false"
          >
                    7
          </span>
          <span
                    className="false"
          >
                    8
          </span>
          <span
                    className="false"
          >
                    9
          </span>
          <span
                    className="false"
          >
                    10
          </span>
          <span
                    className="false"
          >
                    11
          </span>
          <span
                    className="false"
          >
                    12
          </span>
          <span
                    className="false"
          >
                    13
          </span>
          <span
                    className="false"
          >
                    14
          </span>
          <span
                    className="false"
          >
                    15
          </span>
          <span
                    className="false"
          >
                    16
          </span>
</div>,
      },
      "_renderedNodeType": 0,
      "_rootNodeID": 0,
      "_topLevelWrapper": null,
      "_updateBatchNumber": null,
      "_warnedAboutRefsInRender": false,
    },
    "getRenderOutput": [Function],
    "render": [Function],
  },
  "root": [Circular],
  "unrendered": <Steps
    currentStep={0}
    status="stop"
/>,
}
`;
